// Jest Snapshot v1, https://goo.gl/fbAQLP

exports[`renders header component 1`] = `
<div
  className="sc-gqjmRU bIMQkO sc-bwzfXH gWBCma"
  direction="horizontal"
  wrap={false}
>
  <div
    className="sc-bxivhb ixCNyS"
    fill={false}
  >
    <h1
      className="sc-ifAKCX btOSSd"
    >
      Vi
      <b>
        MD
      </b>
    </h1>
  </div>
  <div
    className="sc-bxivhb bRsLbt"
    fill={false}
  >
    <ul
      className="sc-dnqmqq grGKml sc-gzVnrw chEyJs"
    >
      <li
        className="sc-htoDjs gYhcJG"
      >
        <a
          href="https://github.com/garetmckinley/vimd/issues"
          target="_blank"
        >
          <button
            className="sc-bZQynM gUoffw"
          >
            Report Issue
          </button>
        </a>
      </li>
      <li
        className="sc-htoDjs gYhcJG"
      >
        <a
          href="https://github.com/garetmckinley/vimd"
          target="_blank"
        >
          <button
            className="sc-bZQynM gUoffw"
          >
            GitHub
          </button>
        </a>
      </li>
      <li
        className="sc-htoDjs gYhcJG"
      >
        <button
          className="sc-bZQynM gUoffw"
          onClick={undefined}
        >
          Download
        </button>
      </li>
    </ul>
  </div>
</div>
`;
