exports[`test renders header component 1`] = `
<div
  className="jJRUPB kttdzK"
  direction="horizontal">
  <div
    className="fhsyOZ eRrCQv">
    <h1
      className="lgWtJu">
      Vi
      <b>
        MD
      </b>
    </h1>
  </div>
  <div
    className="fhsyOZ iYWubl">
    <ul
      className="iHoPSa lbAbHF">
      <li
        className="ASXHX">
        <a
          className="eBOqKf"
          href="https://github.com/jsbros/vimd/issues"
          target="_blank">
          <span
            aria-hidden={true}
            className="fa fa-bug" />
        </a>
      </li>
      <li
        className="ASXHX">
        <a
          className="eBOqKf"
          href="https://github.com/jsbros/vimd"
          target="_blank">
          <span
            aria-hidden={true}
            className="fa fa-github" />
        </a>
      </li>
      <li
        className="ASXHX">
        <button
          className="buMuiZ"
          onClick={undefined}>
          Save
        </button>
      </li>
    </ul>
  </div>
</div>
`;
